npm notice run moveflow@1.0.0 npx
npm notice run next dev -p 3080
 ⨯ Error: Cannot find module './731.js'
Require stack:
- C:\Users\kshub\OneDrive\Desktop\Projects\MoveinSync Logistic\moveflow\apps\web\.next\server\webpack-runtime.js
- C:\Users\kshub\OneDrive\Desktop\Projects\MoveinSync Logistic\moveflow\apps\web\.next\server\app\_not-found\page.js
- C:\Users\kshub\OneDrive\Desktop\Projects\MoveinSync Logistic\moveflow\node_modules\next\dist\server\require.js
- C:\Users\kshub\OneDrive\Desktop\Projects\MoveinSync Logistic\moveflow\node_modules\next\dist\server\load-components.js
- C:\Users\kshub\OneDrive\Desktop\Projects\MoveinSync Logistic\moveflow\node_modules\next\dist\build\utils.js
- C:\Users\kshub\OneDrive\Desktop\Projects\MoveinSync Logistic\moveflow\node_modules\next\dist\server\dev\hot-middleware.js
- C:\Users\kshub\OneDrive\Desktop\Projects\MoveinSync Logistic\moveflow\node_modules\next\dist\server\dev\hot-reloader-webpack.js
- C:\Users\kshub\OneDrive\Desktop\Projects\MoveinSync Logistic\moveflow\node_modules\next\dist\server\lib\router-utils\setup-dev-bundler.js
- C:\Users\kshub\OneDrive\Desktop\Projects\MoveinSync Logistic\moveflow\node_modules\next\dist\server\lib\router-server.js
- C:\Users\kshub\OneDrive\Desktop\Projects\MoveinSync Logistic\moveflow\node_modules\next\dist\server\lib\start-server.js
    at Module.<anonymous> (node:internal/modules/cjs/loader:1517:15)
    at C:\Users\kshub\OneDrive\Desktop\Projects\MoveinSync Logistic\moveflow\node_modules\next\dist\server\require-hook.js:55:36
    at wrapResolveFilename (node:internal/modules/cjs/loader:1071:27)
    at defaultResolveImplForCJSLoading (node:internal/modules/cjs/loader:1095:10)
    at defaultResolve (node:internal/modules/cjs/loader:1152:20)
    at nextStep (node:internal/modules/customization_hooks:189:26)
    at He (C:\Users\kshub\OneDrive\Desktop\Projects\MoveinSync Logistic\moveflow\node_modules\@tailwindcss\node\dist\index.js:1:1283)
    at nextStep (node:internal/modules/customization_hooks:189:26)
    at resolveWithHooks (node:internal/modules/customization_hooks:417:10)
    at resolveForCJSWithHooks (node:internal/modules/cjs/loader:1165:25)
    at Module._load (node:internal/modules/cjs/loader:1294:5)
    at wrapModuleLoad (node:internal/modules/cjs/loader:255:19)
    at Module.<anonymous> (node:internal/modules/cjs/loader:1617:12)
    at mod.require (C:\Users\kshub\OneDrive\Desktop\Projects\MoveinSync Logistic\moveflow\node_modules\next\dist\server\require-hook.js:65:28)
    at require (node:internal/modules/helpers:153:16)
    at __webpack_require__.f.require (C:\Users\kshub\OneDrive\Desktop\Projects\MoveinSync Logistic\moveflow\apps\web\.next\server\webpack-runtime.js:198:28)
    at C:\Users\kshub\OneDrive\Desktop\Projects\MoveinSync Logistic\moveflow\apps\web\.next\server\webpack-runtime.js:111:40
    at Array.reduce (<anonymous>)
    at __webpack_require__.e (C:\Users\kshub\OneDrive\Desktop\Projects\MoveinSync Logistic\moveflow\apps\web\.next\server\webpack-runtime.js:110:67)
    at Array.map (<anonymous>)
    at __webpack_require__.X (C:\Users\kshub\OneDrive\Desktop\Projects\MoveinSync Logistic\moveflow\apps\web\.next\server\webpack-runtime.js:162:22)
    at C:\Users\kshub\OneDrive\Desktop\Projects\MoveinSync Logistic\moveflow\apps\web\.next\server\app\page.js:1:119462
    at Object.<anonymous> (C:\Users\kshub\OneDrive\Desktop\Projects\MoveinSync Logistic\moveflow\apps\web\.next\server\app\page.js:1:119503)
    at Module._compile (node:internal/modules/cjs/loader:1872:14)
    at Object..js (node:internal/modules/cjs/loader:2003:10)
    at Module.load (node:internal/modules/cjs/loader:1594:32)
    at Module._load (node:internal/modules/cjs/loader:1396:12)
    at wrapModuleLoad (node:internal/modules/cjs/loader:255:19)
    at Module.<anonymous> (node:internal/modules/cjs/loader:1617:12)
    at mod.require (C:\Users\kshub\OneDrive\Desktop\Projects\MoveinSync Logistic\moveflow\node_modules\next\dist\server\require-hook.js:65:28)
    at require (node:internal/modules/helpers:153:16)
    at requirePage (C:\Users\kshub\OneDrive\Desktop\Projects\MoveinSync Logistic\moveflow\node_modules\next\dist\server\require.js:109:84)
    at C:\Users\kshub\OneDrive\Desktop\Projects\MoveinSync Logistic\moveflow\node_modules\next\dist\server\load-components.js:103:84
    at async loadComponentsImpl (C:\Users\kshub\OneDrive\Desktop\Projects\MoveinSync Logistic\moveflow\node_modules\next\dist\server\load-components.js:103:26)
    at async DevServer.findPageComponentsImpl (C:\Users\kshub\OneDrive\Desktop\Projects\MoveinSync Logistic\moveflow\node_modules\next\dist\server\next-server.js:714:36)
    at async DevServer.findPageComponents (C:\Users\kshub\OneDrive\Desktop\Projects\MoveinSync Logistic\moveflow\node_modules\next\dist\server\dev\next-dev-server.js:577:20)
    at async DevServer.renderPageComponent (C:\Users\kshub\OneDrive\Desktop\Projects\MoveinSync Logistic\moveflow\node_modules\next\dist\server\base-server.js:1910:24)
    at async DevServer.renderToResponseImpl (C:\Users\kshub\OneDrive\Desktop\Projects\MoveinSync Logistic\moveflow\node_modules\next\dist\server\base-server.js:1962:32)
    at async DevServer.pipeImpl (C:\Users\kshub\OneDrive\Desktop\Projects\MoveinSync Logistic\moveflow\node_modules\next\dist\server\base-server.js:922:25)
    at async NextNodeServer.handleCatchallRenderRequest (C:\Users\kshub\OneDrive\Desktop\Projects\MoveinSync Logistic\moveflow\node_modules\next\dist\server\next-server.js:272:17)
    at async DevServer.handleRequestImpl (C:\Users\kshub\OneDrive\Desktop\Projects\MoveinSync Logistic\moveflow\node_modules\next\dist\server\base-server.js:818:17)
    at async C:\Users\kshub\OneDrive\Desktop\Projects\MoveinSync Logistic\moveflow\node_modules\next\dist\server\dev\next-dev-server.js:339:20
    at async Span.traceAsyncFn (C:\Users\kshub\OneDrive\Desktop\Projects\MoveinSync Logistic\moveflow\node_modules\next\dist\trace\trace.js:154:20)
    at async DevServer.handleRequest (C:\Users\kshub\OneDrive\Desktop\Projects\MoveinSync Logistic\moveflow\node_modules\next\dist\server\dev\next-dev-server.js:336:24)
    at async invokeRender (C:\Users\kshub\OneDrive\Desktop\Projects\MoveinSync Logistic\moveflow\node_modules\next\dist\server\lib\router-server.js:179:21)
    at async handleRequest (C:\Users\kshub\OneDrive\Desktop\Projects\MoveinSync Logistic\moveflow\node_modules\next\dist\server\lib\router-server.js:359:24)
    at async requestHandlerImpl (C:\Users\kshub\OneDrive\Desktop\Projects\MoveinSync Logistic\moveflow\node_modules\next\dist\server\lib\router-server.js:383:13)
    at async Server.requestListener (C:\Users\kshub\OneDrive\Desktop\Projects\MoveinSync Logistic\moveflow\node_modules\next\dist\server\lib\start-server.js:141:13) {
  code: 'MODULE_NOT_FOUND',
  requireStack: [
    'C:\\Users\\kshub\\OneDrive\\Desktop\\Projects\\MoveinSync Logistic\\moveflow\\apps\\web\\.next\\server\\webpack-runtime.js',
    'C:\\Users\\kshub\\OneDrive\\Desktop\\Projects\\MoveinSync Logistic\\moveflow\\apps\\web\\.next\\server\\app\\_not-found\\page.js',
    'C:\\Users\\kshub\\OneDrive\\Desktop\\Projects\\MoveinSync Logistic\\moveflow\\node_modules\\next\\dist\\server\\require.js',
    'C:\\Users\\kshub\\OneDrive\\Desktop\\Projects\\MoveinSync Logistic\\moveflow\\node_modules\\next\\dist\\server\\load-components.js',
    'C:\\Users\\kshub\\OneDrive\\Desktop\\Projects\\MoveinSync Logistic\\moveflow\\node_modules\\next\\dist\\build\\utils.js',
    'C:\\Users\\kshub\\OneDrive\\Desktop\\Projects\\MoveinSync Logistic\\moveflow\\node_modules\\next\\dist\\server\\dev\\hot-middleware.js',
    'C:\\Users\\kshub\\OneDrive\\Desktop\\Projects\\MoveinSync Logistic\\moveflow\\node_modules\\next\\dist\\server\\dev\\hot-reloader-webpack.js',
    'C:\\Users\\kshub\\OneDrive\\Desktop\\Projects\\MoveinSync Logistic\\moveflow\\node_modules\\next\\dist\\server\\lib\\router-utils\\setup-dev-bundler.js',
    'C:\\Users\\kshub\\OneDrive\\Desktop\\Projects\\MoveinSync Logistic\\moveflow\\node_modules\\next\\dist\\server\\lib\\router-server.js',
    'C:\\Users\\kshub\\OneDrive\\Desktop\\Projects\\MoveinSync Logistic\\moveflow\\node_modules\\next\\dist\\server\\lib\\start-server.js'
  ],
  page: '/'
}
